// Jest Snapshot v1, https://goo.gl/fbAQLP

exports[`render 1`] = `
<Provider
  store={
    Object {
      "@@observable": [Function],
      "dispatch": [Function],
      "getState": [Function],
      "replaceReducer": [Function],
      "subscribe": [Function],
    }
  }
>
  <Connect(Job1)
    menu={
      Object {
        "ingredients": Array [
          Object {
            "inventory_id": Object {
              "itemname": "Lettuce",
            },
            "quantity": 2,
          },
        ],
      }
    }
  >
    <Job1
      application={Array []}
      auth={
        Object {
          "error": null,
          "inProgress": false,
          "isLoggedIn": false,
          "user": Object {},
        }
      }
      dispatch={[Function]}
      menu={
        Object {
          "ingredients": Array [
            Object {
              "inventory_id": Object {
                "itemname": "Lettuce",
              },
              "quantity": 2,
            },
          ],
        }
      }
    >
      <div
        className="post"
        style={
          Object {
            "marginLeft": "50px",
            "width": "50vw",
          }
        }
      >
        <div
          className="post-header"
        >
          <div>
            <h4
              style={
                Object {
                  "display": "inline-block",
                  "marginTop": "-12px",
                }
              }
            >
              Dish : 
            </h4>
            <span
              style={
                Object {
                  "marginLeft": "10px",
                }
              }
            />
          </div>
          <div>
            <h4
              style={
                Object {
                  "display": "inline-block",
                  "marginTop": "-12px",
                }
              }
            >
              Price : 
            </h4>
            <span
              style={
                Object {
                  "marginLeft": "10px",
                }
              }
            />
          </div>
          <div>
            <h4
              style={
                Object {
                  "display": "inline-block",
                  "marginTop": "-12px",
                }
              }
            >
              Ingredients
            </h4>
            <div
              className="ingredient_container"
            >
              <div
                className="ingredient_tab"
              >
                <div
                  className="field"
                >
                  <span
                    style={
                      Object {
                        "fontWeight": "bold",
                        "marginLeft": "10px",
                      }
                    }
                  >
                    No
                  </span>
                </div>
                <div
                  className="field"
                >
                  <span
                    style={
                      Object {
                        "fontWeight": "bold",
                        "marginLeft": "10px",
                      }
                    }
                  >
                    Name
                  </span>
                </div>
                <div
                  className="field"
                >
                  <span
                    style={
                      Object {
                        "fontWeight": "bold",
                        "marginLeft": "10px",
                      }
                    }
                  >
                    Quantity
                  </span>
                </div>
              </div>
              <div
                className="ingredient_tab"
              >
                <div
                  className="field"
                  key="0"
                >
                  <span
                    style={
                      Object {
                        "marginLeft": "10px",
                      }
                    }
                  >
                    1
                  </span>
                </div>
                <div
                  className="field"
                  key="0"
                >
                  <span
                    style={
                      Object {
                        "marginLeft": "10px",
                      }
                    }
                  >
                    Lettuce
                  </span>
                </div>
                <div
                  className="field"
                  key="0"
                >
                  <span
                    style={
                      Object {
                        "marginLeft": "10px",
                      }
                    }
                  >
                    2
                  </span>
                </div>
              </div>
            </div>
          </div>
        </div>
      </div>
    </Job1>
  </Connect(Job1)>
</Provider>
`;
